[M::bwa_idx_load_from_disk] read 0 ALT contigs
[M::process] read 208334 sequences (20000064 bp)...
[M::process] read 208334 sequences (20000064 bp)...
[M::mem_pestat] # candidate unique pairs for (FF, FR, RF, RR): (0, 361, 0, 0)
[M::mem_pestat] skip orientation FF as there are not enough pairs
[M::mem_pestat] analyzing insert size distribution for orientation FR...
[M::mem_pestat] (25, 50, 75) percentile: (94, 139, 155)
[M::mem_pestat] low and high boundaries for computing mean and std.dev: (1, 277)
[M::mem_pestat] mean and std.dev: (118.17, 52.20)
[M::mem_pestat] low and high boundaries for proper pairs: (1, 338)
[M::mem_pestat] skip orientation RF as there are not enough pairs
[M::mem_pestat] skip orientation RR as there are not enough pairs
[M::mem_process_seqs] Processed 208334 reads in 12.615 CPU sec, 6.249 real sec
[M::process] read 208334 sequences (20000064 bp)...
[M::mem_pestat] # candidate unique pairs for (FF, FR, RF, RR): (0, 1236, 0, 0)
[M::mem_pestat] skip orientation FF as there are not enough pairs
[M::mem_pestat] analyzing insert size distribution for orientation FR...
[M::mem_pestat] (25, 50, 75) percentile: (142, 159, 172)
[M::mem_pestat] low and high boundaries for computing mean and std.dev: (82, 232)
[M::mem_pestat] mean and std.dev: (157.35, 21.49)
[M::mem_pestat] low and high boundaries for proper pairs: (52, 262)
[M::mem_pestat] skip orientation RF as there are not enough pairs
[M::mem_pestat] skip orientation RR as there are not enough pairs
[M::mem_process_seqs] Processed 208334 reads in 20.818 CPU sec, 10.316 real sec
[M::process] read 208334 sequences (20000064 bp)...
[M::mem_pestat] # candidate unique pairs for (FF, FR, RF, RR): (0, 2387, 0, 1)
[M::mem_pestat] skip orientation FF as there are not enough pairs
[M::mem_pestat] analyzing insert size distribution for orientation FR...
[M::mem_pestat] (25, 50, 75) percentile: (134, 156, 171)
[M::mem_pestat] low and high boundaries for computing mean and std.dev: (60, 245)
[M::mem_pestat] mean and std.dev: (153.38, 26.31)
[M::mem_pestat] low and high boundaries for proper pairs: (23, 282)
[M::mem_pestat] skip orientation RF as there are not enough pairs
[M::mem_pestat] skip orientation RR as there are not enough pairs
[M::mem_process_seqs] Processed 208334 reads in 34.877 CPU sec, 17.342 real sec
[M::process] read 208334 sequences (20000064 bp)...
[M::mem_pestat] # candidate unique pairs for (FF, FR, RF, RR): (0, 798, 2, 0)
[M::mem_pestat] skip orientation FF as there are not enough pairs
[M::mem_pestat] analyzing insert size distribution for orientation FR...
[M::mem_pestat] (25, 50, 75) percentile: (125, 145, 162)
[M::mem_pestat] low and high boundaries for computing mean and std.dev: (51, 236)
[M::mem_pestat] mean and std.dev: (141.91, 28.42)
[M::mem_pestat] low and high boundaries for proper pairs: (14, 273)
[M::mem_pestat] skip orientation RF as there are not enough pairs
[M::mem_pestat] skip orientation RR as there are not enough pairs
[M::mem_process_seqs] Processed 208334 reads in 31.342 CPU sec, 15.580 real sec
[M::process] read 208334 sequences (20000064 bp)...
[M::mem_pestat] # candidate unique pairs for (FF, FR, RF, RR): (0, 552, 1, 1)
[M::mem_pestat] skip orientation FF as there are not enough pairs
[M::mem_pestat] analyzing insert size distribution for orientation FR...
[M::mem_pestat] (25, 50, 75) percentile: (106, 137, 159)
[M::mem_pestat] low and high boundaries for computing mean and std.dev: (1, 265)
[M::mem_pestat] mean and std.dev: (126.33, 43.14)
[M::mem_pestat] low and high boundaries for proper pairs: (1, 318)
[M::mem_pestat] skip orientation RF as there are not enough pairs
[M::mem_pestat] skip orientation RR as there are not enough pairs
[M::mem_process_seqs] Processed 208334 reads in 18.161 CPU sec, 8.969 real sec
[M::process] read 208334 sequences (20000064 bp)...
[M::mem_pestat] # candidate unique pairs for (FF, FR, RF, RR): (2, 5242, 1, 3)
[M::mem_pestat] skip orientation FF as there are not enough pairs
[M::mem_pestat] analyzing insert size distribution for orientation FR...
[M::mem_pestat] (25, 50, 75) percentile: (137, 155, 170)
[M::mem_pestat] low and high boundaries for computing mean and std.dev: (71, 236)
[M::mem_pestat] mean and std.dev: (153.34, 23.85)
[M::mem_pestat] low and high boundaries for proper pairs: (38, 269)
[M::mem_pestat] skip orientation RF as there are not enough pairs
[M::mem_pestat] skip orientation RR as there are not enough pairs
[M::mem_process_seqs] Processed 208334 reads in 44.766 CPU sec, 22.272 real sec
[M::process] read 208334 sequences (20000064 bp)...
[M::mem_pestat] # candidate unique pairs for (FF, FR, RF, RR): (0, 111, 0, 0)
[M::mem_pestat] skip orientation FF as there are not enough pairs
[M::mem_pestat] analyzing insert size distribution for orientation FR...
[M::mem_pestat] (25, 50, 75) percentile: (116, 146, 166)
[M::mem_pestat] low and high boundaries for computing mean and std.dev: (16, 266)
[M::mem_pestat] mean and std.dev: (135.00, 39.89)
[M::mem_pestat] low and high boundaries for proper pairs: (1, 316)
[M::mem_pestat] skip orientation RF as there are not enough pairs
[M::mem_pestat] skip orientation RR as there are not enough pairs
[M::mem_process_seqs] Processed 208334 reads in 13.185 CPU sec, 6.503 real sec
[M::process] read 208334 sequences (20000064 bp)...
[M::mem_pestat] # candidate unique pairs for (FF, FR, RF, RR): (0, 684, 0, 0)
[M::mem_pestat] skip orientation FF as there are not enough pairs
[M::mem_pestat] analyzing insert size distribution for orientation FR...
[M::mem_pestat] (25, 50, 75) percentile: (110, 148, 168)
[M::mem_pestat] low and high boundaries for computing mean and std.dev: (1, 284)
[M::mem_pestat] mean and std.dev: (132.05, 49.75)
[M::mem_pestat] low and high boundaries for proper pairs: (1, 342)
[M::mem_pestat] skip orientation RF as there are not enough pairs
[M::mem_pestat] skip orientation RR as there are not enough pairs
[M::mem_process_seqs] Processed 208334 reads in 23.934 CPU sec, 11.847 real sec
[M::process] read 208334 sequences (20000064 bp)...
[M::mem_pestat] # candidate unique pairs for (FF, FR, RF, RR): (2, 6909, 0, 1)
[M::mem_pestat] skip orientation FF as there are not enough pairs
[M::mem_pestat] analyzing insert size distribution for orientation FR...
[M::mem_pestat] (25, 50, 75) percentile: (126, 150, 167)
[M::mem_pestat] low and high boundaries for computing mean and std.dev: (44, 249)
[M::mem_pestat] mean and std.dev: (144.81, 31.32)
[M::mem_pestat] low and high boundaries for proper pairs: (3, 290)
[M::mem_pestat] skip orientation RF as there are not enough pairs
[M::mem_pestat] skip orientation RR as there are not enough pairs
[M::mem_process_seqs] Processed 208334 reads in 30.051 CPU sec, 14.951 real sec
[M::process] read 208334 sequences (20000064 bp)...
[M::mem_pestat] # candidate unique pairs for (FF, FR, RF, RR): (0, 0, 0, 0)
[M::mem_pestat] skip orientation FF as there are not enough pairs
[M::mem_pestat] skip orientation FR as there are not enough pairs
[M::mem_pestat] skip orientation RF as there are not enough pairs
[M::mem_pestat] skip orientation RR as there are not enough pairs
[M::mem_process_seqs] Processed 208334 reads in 9.170 CPU sec, 4.487 real sec
[M::process] read 208334 sequences (20000064 bp)...
[M::mem_pestat] # candidate unique pairs for (FF, FR, RF, RR): (5, 2774, 0, 1)
[M::mem_pestat] skip orientation FF as there are not enough pairs
[M::mem_pestat] analyzing insert size distribution for orientation FR...
[M::mem_pestat] (25, 50, 75) percentile: (134, 156, 171)
[M::mem_pestat] low and high boundaries for computing mean and std.dev: (60, 245)
[M::mem_pestat] mean and std.dev: (154.08, 24.84)
[M::mem_pestat] low and high boundaries for proper pairs: (23, 282)
[M::mem_pestat] skip orientation RF as there are not enough pairs
[M::mem_pestat] skip orientation RR as there are not enough pairs
[M::mem_process_seqs] Processed 208334 reads in 36.861 CPU sec, 18.309 real sec
[M::process] read 208334 sequences (20000064 bp)...
[M::mem_pestat] # candidate unique pairs for (FF, FR, RF, RR): (1, 1290, 0, 0)
[M::mem_pestat] skip orientation FF as there are not enough pairs
[M::mem_pestat] analyzing insert size distribution for orientation FR...
[M::mem_pestat] (25, 50, 75) percentile: (59, 143, 166)
[M::mem_pestat] low and high boundaries for computing mean and std.dev: (1, 380)
[M::mem_pestat] mean and std.dev: (120.61, 55.76)
[M::mem_pestat] low and high boundaries for proper pairs: (1, 487)
[M::mem_pestat] skip orientation RF as there are not enough pairs
[M::mem_pestat] skip orientation RR as there are not enough pairs
[M::mem_process_seqs] Processed 208334 reads in 39.871 CPU sec, 19.841 real sec
[M::process] read 208334 sequences (20000064 bp)...
[M::mem_pestat] # candidate unique pairs for (FF, FR, RF, RR): (0, 2442, 0, 3)
[M::mem_pestat] skip orientation FF as there are not enough pairs
[M::mem_pestat] analyzing insert size distribution for orientation FR...
[M::mem_pestat] (25, 50, 75) percentile: (133, 152, 167)
[M::mem_pestat] low and high boundaries for computing mean and std.dev: (65, 235)
[M::mem_pestat] mean and std.dev: (149.68, 26.05)
[M::mem_pestat] low and high boundaries for proper pairs: (31, 269)
[M::mem_pestat] skip orientation RF as there are not enough pairs
[M::mem_pestat] skip orientation RR as there are not enough pairs
[M::mem_process_seqs] Processed 208334 reads in 36.482 CPU sec, 18.176 real sec
[M::process] read 208334 sequences (20000064 bp)...
[M::mem_pestat] # candidate unique pairs for (FF, FR, RF, RR): (5, 7127, 0, 8)
[M::mem_pestat] skip orientation FF as there are not enough pairs
[M::mem_pestat] analyzing insert size distribution for orientation FR...
[M::mem_pestat] (25, 50, 75) percentile: (142, 158, 172)
[M::mem_pestat] low and high boundaries for computing mean and std.dev: (82, 232)
[M::mem_pestat] mean and std.dev: (156.17, 21.81)
[M::mem_pestat] low and high boundaries for proper pairs: (52, 262)
[M::mem_pestat] skip orientation RF as there are not enough pairs
[M::mem_pestat] skip orientation RR as there are not enough pairs
[M::mem_process_seqs] Processed 208334 reads in 38.425 CPU sec, 19.118 real sec
[M::process] read 208334 sequences (20000064 bp)...
[M::mem_pestat] # candidate unique pairs for (FF, FR, RF, RR): (1, 1246, 1, 1)
[M::mem_pestat] skip orientation FF as there are not enough pairs
[M::mem_pestat] analyzing insert size distribution for orientation FR...
[M::mem_pestat] (25, 50, 75) percentile: (97, 112, 115)
[M::mem_pestat] low and high boundaries for computing mean and std.dev: (61, 151)
[M::mem_pestat] mean and std.dev: (105.99, 14.48)
[M::mem_pestat] low and high boundaries for proper pairs: (43, 169)
[M::mem_pestat] skip orientation RF as there are not enough pairs
[M::mem_pestat] skip orientation RR as there are not enough pairs
[M::mem_process_seqs] Processed 208334 reads in 15.413 CPU sec, 7.595 real sec
[M::process] read 208334 sequences (20000064 bp)...
[M::mem_pestat] # candidate unique pairs for (FF, FR, RF, RR): (0, 3, 0, 0)
[M::mem_pestat] skip orientation FF as there are not enough pairs
[M::mem_pestat] skip orientation FR as there are not enough pairs
[M::mem_pestat] skip orientation RF as there are not enough pairs
[M::mem_pestat] skip orientation RR as there are not enough pairs
[M::mem_process_seqs] Processed 208334 reads in 4.939 CPU sec, 2.394 real sec
[M::process] read 208334 sequences (20000064 bp)...
[M::mem_pestat] # candidate unique pairs for (FF, FR, RF, RR): (0, 16, 0, 0)
[M::mem_pestat] skip orientation FF as there are not enough pairs
[M::mem_pestat] analyzing insert size distribution for orientation FR...
[M::mem_pestat] (25, 50, 75) percentile: (28, 40, 129)
[M::mem_pestat] low and high boundaries for computing mean and std.dev: (1, 331)
[M::mem_pestat] mean and std.dev: (68.12, 47.84)
[M::mem_pestat] low and high boundaries for proper pairs: (1, 432)
[M::mem_pestat] skip orientation RF as there are not enough pairs
[M::mem_pestat] skip orientation RR as there are not enough pairs
[M::mem_process_seqs] Processed 208334 reads in 10.065 CPU sec, 4.957 real sec
[M::process] read 208334 sequences (20000064 bp)...
[M::mem_pestat] # candidate unique pairs for (FF, FR, RF, RR): (0, 25, 0, 0)
[M::mem_pestat] skip orientation FF as there are not enough pairs
[M::mem_pestat] analyzing insert size distribution for orientation FR...
[M::mem_pestat] (25, 50, 75) percentile: (23, 23, 23)
[M::mem_pestat] low and high boundaries for computing mean and std.dev: (23, 23)
[M::mem_pestat] mean and std.dev: (23.00, 0.00)
[M::mem_pestat] low and high boundaries for proper pairs: (23, 23)
[M::mem_pestat] skip orientation RF as there are not enough pairs
[M::mem_pestat] skip orientation RR as there are not enough pairs
[M::mem_process_seqs] Processed 208334 reads in 6.630 CPU sec, 3.206 real sec
[M::process] read 208334 sequences (20000064 bp)...
[M::mem_pestat] # candidate unique pairs for (FF, FR, RF, RR): (0, 75, 0, 0)
[M::mem_pestat] skip orientation FF as there are not enough pairs
[M::mem_pestat] analyzing insert size distribution for orientation FR...
[M::mem_pestat] (25, 50, 75) percentile: (30, 78, 96)
[M::mem_pestat] low and high boundaries for computing mean and std.dev: (1, 228)
[M::mem_pestat] mean and std.dev: (74.93, 45.67)
[M::mem_pestat] low and high boundaries for proper pairs: (1, 294)
[M::mem_pestat] skip orientation RF as there are not enough pairs
[M::mem_pestat] skip orientation RR as there are not enough pairs
[M::mem_process_seqs] Processed 208334 reads in 13.965 CPU sec, 6.904 real sec
[M::process] read 208334 sequences (20000064 bp)...
[M::mem_pestat] # candidate unique pairs for (FF, FR, RF, RR): (0, 3, 0, 0)
[M::mem_pestat] skip orientation FF as there are not enough pairs
[M::mem_pestat] skip orientation FR as there are not enough pairs
[M::mem_pestat] skip orientation RF as there are not enough pairs
[M::mem_pestat] skip orientation RR as there are not enough pairs
[M::mem_process_seqs] Processed 208334 reads in 7.337 CPU sec, 3.573 real sec
[M::process] read 208334 sequences (20000064 bp)...
[M::mem_pestat] # candidate unique pairs for (FF, FR, RF, RR): (0, 2090, 1, 1)
[M::mem_pestat] skip orientation FF as there are not enough pairs
[M::mem_pestat] analyzing insert size distribution for orientation FR...
[M::mem_pestat] (25, 50, 75) percentile: (132, 153, 169)
[M::mem_pestat] low and high boundaries for computing mean and std.dev: (58, 243)
[M::mem_pestat] mean and std.dev: (150.93, 25.61)
[M::mem_pestat] low and high boundaries for proper pairs: (21, 280)
[M::mem_pestat] skip orientation RF as there are not enough pairs
[M::mem_pestat] skip orientation RR as there are not enough pairs
[M::mem_process_seqs] Processed 208334 reads in 34.897 CPU sec, 17.335 real sec
[M::process] read 208334 sequences (20000064 bp)...
[M::mem_pestat] # candidate unique pairs for (FF, FR, RF, RR): (5, 4957, 1, 3)
[M::mem_pestat] skip orientation FF as there are not enough pairs
[M::mem_pestat] analyzing insert size distribution for orientation FR...
[M::mem_pestat] (25, 50, 75) percentile: (137, 156, 171)
[M::mem_pestat] low and high boundaries for computing mean and std.dev: (69, 239)
[M::mem_pestat] mean and std.dev: (153.78, 24.29)
[M::mem_pestat] low and high boundaries for proper pairs: (35, 273)
[M::mem_pestat] skip orientation RF as there are not enough pairs
[M::mem_pestat] skip orientation RR as there are not enough pairs
[M::mem_process_seqs] Processed 208334 reads in 43.392 CPU sec, 21.608 real sec
[M::process] read 208334 sequences (20000064 bp)...
[M::mem_pestat] # candidate unique pairs for (FF, FR, RF, RR): (0, 3217, 0, 0)
[M::mem_pestat] skip orientation FF as there are not enough pairs
[M::mem_pestat] analyzing insert size distribution for orientation FR...
[M::mem_pestat] (25, 50, 75) percentile: (88, 122, 158)
[M::mem_pestat] low and high boundaries for computing mean and std.dev: (1, 298)
[M::mem_pestat] mean and std.dev: (119.82, 44.26)
[M::mem_pestat] low and high boundaries for proper pairs: (1, 368)
[M::mem_pestat] skip orientation RF as there are not enough pairs
[M::mem_pestat] skip orientation RR as there are not enough pairs
[M::mem_process_seqs] Processed 208334 reads in 39.850 CPU sec, 19.828 real sec
[M::process] read 208334 sequences (20000064 bp)...
[M::mem_pestat] # candidate unique pairs for (FF, FR, RF, RR): (4, 2415, 0, 0)
[M::mem_pestat] skip orientation FF as there are not enough pairs
[M::mem_pestat] analyzing insert size distribution for orientation FR...
[M::mem_pestat] (25, 50, 75) percentile: (142, 158, 171)
[M::mem_pestat] low and high boundaries for computing mean and std.dev: (84, 229)
[M::mem_pestat] mean and std.dev: (155.90, 21.04)
[M::mem_pestat] low and high boundaries for proper pairs: (55, 258)
[M::mem_pestat] skip orientation RF as there are not enough pairs
[M::mem_pestat] skip orientation RR as there are not enough pairs
[M::mem_process_seqs] Processed 208334 reads in 23.083 CPU sec, 11.399 real sec
[M::process] read 208334 sequences (20000064 bp)...
[M::mem_pestat] # candidate unique pairs for (FF, FR, RF, RR): (4, 5382, 1, 2)
[M::mem_pestat] skip orientation FF as there are not enough pairs
[M::mem_pestat] analyzing insert size distribution for orientation FR...
[M::mem_pestat] (25, 50, 75) percentile: (139, 158, 172)
[M::mem_pestat] low and high boundaries for computing mean and std.dev: (73, 238)
[M::mem_pestat] mean and std.dev: (154.33, 24.62)
[M::mem_pestat] low and high boundaries for proper pairs: (40, 271)
[M::mem_pestat] skip orientation RF as there are not enough pairs
[M::mem_pestat] skip orientation RR as there are not enough pairs
[M::mem_process_seqs] Processed 208334 reads in 61.958 CPU sec, 30.887 real sec
[M::process] read 208334 sequences (20000064 bp)...
[M::mem_pestat] # candidate unique pairs for (FF, FR, RF, RR): (3, 3518, 5, 5)
[M::mem_pestat] skip orientation FF as there are not enough pairs
[M::mem_pestat] analyzing insert size distribution for orientation FR...
[M::mem_pestat] (25, 50, 75) percentile: (137, 155, 170)
[M::mem_pestat] low and high boundaries for computing mean and std.dev: (71, 236)
[M::mem_pestat] mean and std.dev: (152.15, 25.03)
[M::mem_pestat] low and high boundaries for proper pairs: (38, 269)
[M::mem_pestat] skip orientation RF as there are not enough pairs
[M::mem_pestat] skip orientation RR as there are not enough pairs
[M::mem_process_seqs] Processed 208334 reads in 27.033 CPU sec, 13.325 real sec
[M::process] read 208334 sequences (20000064 bp)...
[M::mem_pestat] # candidate unique pairs for (FF, FR, RF, RR): (0, 189, 0, 0)
[M::mem_pestat] skip orientation FF as there are not enough pairs
[M::mem_pestat] analyzing insert size distribution for orientation FR...
[M::mem_pestat] (25, 50, 75) percentile: (28, 28, 28)
[M::mem_pestat] low and high boundaries for computing mean and std.dev: (28, 28)
[M::mem_pestat] mean and std.dev: (28.00, 0.00)
[M::mem_pestat] low and high boundaries for proper pairs: (28, 28)
[M::mem_pestat] skip orientation RF as there are not enough pairs
[M::mem_pestat] skip orientation RR as there are not enough pairs
[M::mem_process_seqs] Processed 208334 reads in 5.823 CPU sec, 2.760 real sec
[M::process] read 208334 sequences (20000064 bp)...
[M::mem_pestat] # candidate unique pairs for (FF, FR, RF, RR): (8, 4021, 0, 3)
[M::mem_pestat] skip orientation FF as there are not enough pairs
[M::mem_pestat] analyzing insert size distribution for orientation FR...
[M::mem_pestat] (25, 50, 75) percentile: (136, 156, 172)
[M::mem_pestat] low and high boundaries for computing mean and std.dev: (64, 244)
[M::mem_pestat] mean and std.dev: (152.57, 25.76)
[M::mem_pestat] low and high boundaries for proper pairs: (28, 280)
[M::mem_pestat] skip orientation RF as there are not enough pairs
[M::mem_pestat] skip orientation RR as there are not enough pairs
[M::mem_process_seqs] Processed 208334 reads in 14.945 CPU sec, 7.346 real sec
[M::process] read 208334 sequences (20000064 bp)...
[M::mem_pestat] # candidate unique pairs for (FF, FR, RF, RR): (0, 11, 0, 0)
[M::mem_pestat] skip orientation FF as there are not enough pairs
[M::mem_pestat] analyzing insert size distribution for orientation FR...
[M::mem_pestat] (25, 50, 75) percentile: (51, 51, 51)
[M::mem_pestat] low and high boundaries for computing mean and std.dev: (51, 51)
[M::mem_pestat] mean and std.dev: (51.00, 0.00)
[M::mem_pestat] low and high boundaries for proper pairs: (51, 51)
[M::mem_pestat] skip orientation RF as there are not enough pairs
[M::mem_pestat] skip orientation RR as there are not enough pairs
[M::mem_process_seqs] Processed 208334 reads in 8.825 CPU sec, 4.257 real sec
[M::process] read 208334 sequences (20000064 bp)...
[M::mem_pestat] # candidate unique pairs for (FF, FR, RF, RR): (0, 140, 0, 0)
[M::mem_pestat] skip orientation FF as there are not enough pairs
[M::mem_pestat] analyzing insert size distribution for orientation FR...
[M::mem_pestat] (25, 50, 75) percentile: (61, 71, 138)
[M::mem_pestat] low and high boundaries for computing mean and std.dev: (1, 292)
[M::mem_pestat] mean and std.dev: (91.81, 52.41)
[M::mem_pestat] low and high boundaries for proper pairs: (1, 369)
[M::mem_pestat] skip orientation RF as there are not enough pairs
[M::mem_pestat] skip orientation RR as there are not enough pairs
[M::mem_process_seqs] Processed 208334 reads in 16.718 CPU sec, 8.155 real sec
[M::process] read 208334 sequences (20000064 bp)...
[M::mem_pestat] # candidate unique pairs for (FF, FR, RF, RR): (6, 2549, 9, 3)
[M::mem_pestat] skip orientation FF as there are not enough pairs
[M::mem_pestat] analyzing insert size distribution for orientation FR...
[M::mem_pestat] (25, 50, 75) percentile: (135, 156, 173)
[M::mem_pestat] low and high boundaries for computing mean and std.dev: (59, 249)
[M::mem_pestat] mean and std.dev: (154.50, 26.54)
[M::mem_pestat] low and high boundaries for proper pairs: (21, 287)
[M::mem_pestat] skip orientation RF as there are not enough pairs
[M::mem_pestat] skip orientation RR as there are not enough pairs
[M::mem_process_seqs] Processed 208334 reads in 41.731 CPU sec, 20.694 real sec
[M::process] read 208334 sequences (20000064 bp)...
[M::mem_pestat] # candidate unique pairs for (FF, FR, RF, RR): (1, 1211, 0, 0)
[M::mem_pestat] skip orientation FF as there are not enough pairs
[M::mem_pestat] analyzing insert size distribution for orientation FR...
[M::mem_pestat] (25, 50, 75) percentile: (134, 152, 166)
[M::mem_pestat] low and high boundaries for computing mean and std.dev: (70, 230)
[M::mem_pestat] mean and std.dev: (150.70, 23.59)
[M::mem_pestat] low and high boundaries for proper pairs: (38, 262)
[M::mem_pestat] skip orientation RF as there are not enough pairs
[M::mem_pestat] skip orientation RR as there are not enough pairs
[M::mem_process_seqs] Processed 208334 reads in 17.076 CPU sec, 8.449 real sec
[M::process] read 208334 sequences (20000064 bp)...
[M::mem_pestat] # candidate unique pairs for (FF, FR, RF, RR): (53, 19190, 0, 53)
[M::mem_pestat] analyzing insert size distribution for orientation FF...
[M::mem_pestat] (25, 50, 75) percentile: (49, 65, 86)
[M::mem_pestat] low and high boundaries for computing mean and std.dev: (1, 160)
[M::mem_pestat] mean and std.dev: (68.19, 25.14)
[M::mem_pestat] low and high boundaries for proper pairs: (1, 197)
[M::mem_pestat] analyzing insert size distribution for orientation FR...
[M::mem_pestat] (25, 50, 75) percentile: (98, 118, 135)
[M::mem_pestat] low and high boundaries for computing mean and std.dev: (24, 209)
[M::mem_pestat] mean and std.dev: (116.06, 28.79)
[M::mem_pestat] low and high boundaries for proper pairs: (1, 246)
[M::mem_pestat] skip orientation RF as there are not enough pairs
[M::mem_pestat] analyzing insert size distribution for orientation RR...
[M::mem_pestat] (25, 50, 75) percentile: (50, 71, 85)
[M::mem_pestat] low and high boundaries for computing mean and std.dev: (1, 155)
[M::mem_pestat] mean and std.dev: (69.57, 23.17)
[M::mem_pestat] low and high boundaries for proper pairs: (1, 190)
[M::mem_pestat] skip orientation FF
[M::mem_pestat] skip orientation RR
[M::mem_process_seqs] Processed 208334 reads in 18.582 CPU sec, 9.175 real sec
[M::process] read 208334 sequences (20000064 bp)...
[M::mem_pestat] # candidate unique pairs for (FF, FR, RF, RR): (2, 3082, 2, 2)
[M::mem_pestat] skip orientation FF as there are not enough pairs
[M::mem_pestat] analyzing insert size distribution for orientation FR...
[M::mem_pestat] (25, 50, 75) percentile: (133, 155, 170)
[M::mem_pestat] low and high boundaries for computing mean and std.dev: (59, 244)
[M::mem_pestat] mean and std.dev: (152.52, 26.27)
[M::mem_pestat] low and high boundaries for proper pairs: (22, 281)
[M::mem_pestat] skip orientation RF as there are not enough pairs
[M::mem_pestat] skip orientation RR as there are not enough pairs
[M::mem_process_seqs] Processed 208334 reads in 38.258 CPU sec, 19.004 real sec
[M::process] read 208334 sequences (20000064 bp)...
[M::mem_pestat] # candidate unique pairs for (FF, FR, RF, RR): (0, 282, 2, 0)
[M::mem_pestat] skip orientation FF as there are not enough pairs
[M::mem_pestat] analyzing insert size distribution for orientation FR...
[M::mem_pestat] (25, 50, 75) percentile: (69, 91, 137)
[M::mem_pestat] low and high boundaries for computing mean and std.dev: (1, 273)
[M::mem_pestat] mean and std.dev: (94.34, 45.41)
[M::mem_pestat] low and high boundaries for proper pairs: (1, 341)
[M::mem_pestat] skip orientation RF as there are not enough pairs
[M::mem_pestat] skip orientation RR as there are not enough pairs
[M::mem_process_seqs] Processed 208334 reads in 32.849 CPU sec, 16.348 real sec
[M::process] read 208334 sequences (20000064 bp)...
[M::mem_pestat] # candidate unique pairs for (FF, FR, RF, RR): (0, 10, 0, 0)
[M::mem_pestat] skip orientation FF as there are not enough pairs
[M::mem_pestat] analyzing insert size distribution for orientation FR...
[M::mem_pestat] (25, 50, 75) percentile: (28, 28, 28)
[M::mem_pestat] low and high boundaries for computing mean and std.dev: (28, 28)
[M::mem_pestat] mean and std.dev: (28.00, 0.00)
[M::mem_pestat] low and high boundaries for proper pairs: (28, 28)
[M::mem_pestat] skip orientation RF as there are not enough pairs
[M::mem_pestat] skip orientation RR as there are not enough pairs
[M::mem_process_seqs] Processed 208334 reads in 5.674 CPU sec, 2.720 real sec
[M::process] read 208334 sequences (20000064 bp)...
[M::mem_pestat] # candidate unique pairs for (FF, FR, RF, RR): (2, 1374, 0, 3)
[M::mem_pestat] skip orientation FF as there are not enough pairs
[M::mem_pestat] analyzing insert size distribution for orientation FR...
[M::mem_pestat] (25, 50, 75) percentile: (131, 151, 168)
[M::mem_pestat] low and high boundaries for computing mean and std.dev: (57, 242)
[M::mem_pestat] mean and std.dev: (149.26, 26.92)
[M::mem_pestat] low and high boundaries for proper pairs: (20, 279)
[M::mem_pestat] skip orientation RF as there are not enough pairs
[M::mem_pestat] skip orientation RR as there are not enough pairs
[M::mem_process_seqs] Processed 208334 reads in 66.412 CPU sec, 33.082 real sec
[M::process] read 208334 sequences (20000064 bp)...
[M::mem_pestat] # candidate unique pairs for (FF, FR, RF, RR): (0, 3, 0, 0)
[M::mem_pestat] skip orientation FF as there are not enough pairs
[M::mem_pestat] skip orientation FR as there are not enough pairs
[M::mem_pestat] skip orientation RF as there are not enough pairs
[M::mem_pestat] skip orientation RR as there are not enough pairs
[M::mem_process_seqs] Processed 208334 reads in 10.046 CPU sec, 4.833 real sec
[M::process] read 208334 sequences (20000064 bp)...
[M::mem_pestat] # candidate unique pairs for (FF, FR, RF, RR): (0, 319, 0, 0)
[M::mem_pestat] skip orientation FF as there are not enough pairs
[M::mem_pestat] analyzing insert size distribution for orientation FR...
[M::mem_pestat] (25, 50, 75) percentile: (131, 145, 158)
[M::mem_pestat] low and high boundaries for computing mean and std.dev: (77, 212)
[M::mem_pestat] mean and std.dev: (144.44, 20.16)
[M::mem_pestat] low and high boundaries for proper pairs: (50, 239)
[M::mem_pestat] skip orientation RF as there are not enough pairs
[M::mem_pestat] skip orientation RR as there are not enough pairs
[M::mem_process_seqs] Processed 208334 reads in 15.440 CPU sec, 7.510 real sec
[M::process] read 208334 sequences (20000064 bp)...
[M::mem_pestat] # candidate unique pairs for (FF, FR, RF, RR): (4, 4118, 0, 5)
[M::mem_pestat] skip orientation FF as there are not enough pairs
[M::mem_pestat] analyzing insert size distribution for orientation FR...
[M::mem_pestat] (25, 50, 75) percentile: (132, 153, 169)
[M::mem_pestat] low and high boundaries for computing mean and std.dev: (58, 243)
[M::mem_pestat] mean and std.dev: (149.22, 29.06)
[M::mem_pestat] low and high boundaries for proper pairs: (21, 280)
[M::mem_pestat] skip orientation RF as there are not enough pairs
[M::mem_pestat] skip orientation RR as there are not enough pairs
[M::mem_process_seqs] Processed 208334 reads in 47.062 CPU sec, 23.386 real sec
[M::process] read 208334 sequences (20000064 bp)...
[M::mem_pestat] # candidate unique pairs for (FF, FR, RF, RR): (2, 1974, 1, 1)
[M::mem_pestat] skip orientation FF as there are not enough pairs
[M::mem_pestat] analyzing insert size distribution for orientation FR...
[M::mem_pestat] (25, 50, 75) percentile: (116, 147, 166)
[M::mem_pestat] low and high boundaries for computing mean and std.dev: (16, 266)
[M::mem_pestat] mean and std.dev: (133.14, 48.02)
[M::mem_pestat] low and high boundaries for proper pairs: (1, 325)
[M::mem_pestat] skip orientation RF as there are not enough pairs
[M::mem_pestat] skip orientation RR as there are not enough pairs
[M::mem_process_seqs] Processed 208334 reads in 40.175 CPU sec, 20.010 real sec
[M::process] read 208334 sequences (20000064 bp)...
[M::mem_pestat] # candidate unique pairs for (FF, FR, RF, RR): (4, 3351, 1, 3)
[M::mem_pestat] skip orientation FF as there are not enough pairs
[M::mem_pestat] analyzing insert size distribution for orientation FR...
[M::mem_pestat] (25, 50, 75) percentile: (137, 156, 171)
[M::mem_pestat] low and high boundaries for computing mean and std.dev: (69, 239)
[M::mem_pestat] mean and std.dev: (154.46, 24.47)
[M::mem_pestat] low and high boundaries for proper pairs: (35, 273)
[M::mem_pestat] skip orientation RF as there are not enough pairs
[M::mem_pestat] skip orientation RR as there are not enough pairs
[M::mem_process_seqs] Processed 208334 reads in 56.860 CPU sec, 28.270 real sec
[M::process] read 208334 sequences (20000064 bp)...
[M::mem_pestat] # candidate unique pairs for (FF, FR, RF, RR): (0, 318, 3, 0)
[M::mem_pestat] skip orientation FF as there are not enough pairs
[M::mem_pestat] analyzing insert size distribution for orientation FR...
[M::mem_pestat] (25, 50, 75) percentile: (87, 146, 167)
[M::mem_pestat] low and high boundaries for computing mean and std.dev: (1, 327)
[M::mem_pestat] mean and std.dev: (126.66, 58.65)
[M::mem_pestat] low and high boundaries for proper pairs: (1, 407)
[M::mem_pestat] skip orientation RF as there are not enough pairs
[M::mem_pestat] skip orientation RR as there are not enough pairs
[M::mem_process_seqs] Processed 208334 reads in 31.160 CPU sec, 15.375 real sec
[M::process] read 208334 sequences (20000064 bp)...
[M::mem_pestat] # candidate unique pairs for (FF, FR, RF, RR): (0, 1653, 0, 0)
[M::mem_pestat] skip orientation FF as there are not enough pairs
[M::mem_pestat] analyzing insert size distribution for orientation FR...
[M::mem_pestat] (25, 50, 75) percentile: (139, 159, 174)
[M::mem_pestat] low and high boundaries for computing mean and std.dev: (69, 244)
[M::mem_pestat] mean and std.dev: (156.47, 25.08)
[M::mem_pestat] low and high boundaries for proper pairs: (34, 279)
[M::mem_pestat] skip orientation RF as there are not enough pairs
[M::mem_pestat] skip orientation RR as there are not enough pairs
[M::mem_process_seqs] Processed 208334 reads in 30.388 CPU sec, 14.973 real sec
[M::process] read 208334 sequences (20000064 bp)...
[M::mem_pestat] # candidate unique pairs for (FF, FR, RF, RR): (2, 1466, 0, 0)
[M::mem_pestat] skip orientation FF as there are not enough pairs
[M::mem_pestat] analyzing insert size distribution for orientation FR...
[M::mem_pestat] (25, 50, 75) percentile: (134, 151, 169)
[M::mem_pestat] low and high boundaries for computing mean and std.dev: (64, 239)
[M::mem_pestat] mean and std.dev: (150.22, 24.90)
[M::mem_pestat] low and high boundaries for proper pairs: (29, 274)
[M::mem_pestat] skip orientation RF as there are not enough pairs
[M::mem_pestat] skip orientation RR as there are not enough pairs
[M::mem_process_seqs] Processed 208334 reads in 17.956 CPU sec, 8.730 real sec
[M::process] read 208334 sequences (20000064 bp)...
[M::mem_pestat] # candidate unique pairs for (FF, FR, RF, RR): (1, 322, 0, 1)
[M::mem_pestat] skip orientation FF as there are not enough pairs
[M::mem_pestat] analyzing insert size distribution for orientation FR...
[M::mem_pestat] (25, 50, 75) percentile: (132, 153, 169)
[M::mem_pestat] low and high boundaries for computing mean and std.dev: (58, 243)
[M::mem_pestat] mean and std.dev: (150.24, 25.48)
[M::mem_pestat] low and high boundaries for proper pairs: (21, 280)
[M::mem_pestat] skip orientation RF as there are not enough pairs
[M::mem_pestat] skip orientation RR as there are not enough pairs
[M::mem_process_seqs] Processed 208334 reads in 13.755 CPU sec, 6.693 real sec
[M::process] read 208334 sequences (20000064 bp)...
[M::mem_pestat] # candidate unique pairs for (FF, FR, RF, RR): (0, 1270, 3, 1)
[M::mem_pestat] skip orientation FF as there are not enough pairs
[M::mem_pestat] analyzing insert size distribution for orientation FR...
[M::mem_pestat] (25, 50, 75) percentile: (98, 131, 157)
[M::mem_pestat] low and high boundaries for computing mean and std.dev: (1, 275)
[M::mem_pestat] mean and std.dev: (121.70, 45.91)
[M::mem_pestat] low and high boundaries for proper pairs: (1, 334)
[M::mem_pestat] skip orientation RF as there are not enough pairs
[M::mem_pestat] skip orientation RR as there are not enough pairs
[M::mem_process_seqs] Processed 208334 reads in 41.041 CPU sec, 20.371 real sec
[M::process] read 208334 sequences (20000064 bp)...
[M::mem_pestat] # candidate unique pairs for (FF, FR, RF, RR): (5, 3990, 0, 5)
[M::mem_pestat] skip orientation FF as there are not enough pairs
[M::mem_pestat] analyzing insert size distribution for orientation FR...
[M::mem_pestat] (25, 50, 75) percentile: (109, 149, 168)
[M::mem_pestat] low and high boundaries for computing mean and std.dev: (1, 286)
[M::mem_pestat] mean and std.dev: (134.69, 48.51)
[M::mem_pestat] low and high boundaries for proper pairs: (1, 345)
[M::mem_pestat] skip orientation RF as there are not enough pairs
[M::mem_pestat] skip orientation RR as there are not enough pairs
[M::mem_process_seqs] Processed 208334 reads in 40.351 CPU sec, 19.951 real sec
[M::process] read 208334 sequences (20000064 bp)...
[M::mem_pestat] # candidate unique pairs for (FF, FR, RF, RR): (0, 133, 1, 0)
[M::mem_pestat] skip orientation FF as there are not enough pairs
[M::mem_pestat] analyzing insert size distribution for orientation FR...
[M::mem_pestat] (25, 50, 75) percentile: (39, 98, 143)
[M::mem_pestat] low and high boundaries for computing mean and std.dev: (1, 351)
[M::mem_pestat] mean and std.dev: (93.25, 57.37)
[M::mem_pestat] low and high boundaries for proper pairs: (1, 455)
[M::mem_pestat] skip orientation RF as there are not enough pairs
[M::mem_pestat] skip orientation RR as there are not enough pairs
[M::mem_process_seqs] Processed 208334 reads in 21.076 CPU sec, 10.301 real sec
[M::process] read 208334 sequences (20000064 bp)...
[M::mem_pestat] # candidate unique pairs for (FF, FR, RF, RR): (5, 5934, 2, 7)
[M::mem_pestat] skip orientation FF as there are not enough pairs
[M::mem_pestat] analyzing insert size distribution for orientation FR...
[M::mem_pestat] (25, 50, 75) percentile: (141, 160, 174)
[M::mem_pestat] low and high boundaries for computing mean and std.dev: (75, 240)
[M::mem_pestat] mean and std.dev: (157.09, 23.80)
[M::mem_pestat] low and high boundaries for proper pairs: (42, 273)
[M::mem_pestat] skip orientation RF as there are not enough pairs
[M::mem_pestat] skip orientation RR as there are not enough pairs
[M::mem_process_seqs] Processed 208334 reads in 33.815 CPU sec, 16.679 real sec
[M::process] read 208334 sequences (20000064 bp)...
[M::mem_pestat] # candidate unique pairs for (FF, FR, RF, RR): (0, 2, 0, 0)
[M::mem_pestat] skip orientation FF as there are not enough pairs
[M::mem_pestat] skip orientation FR as there are not enough pairs
[M::mem_pestat] skip orientation RF as there are not enough pairs
[M::mem_pestat] skip orientation RR as there are not enough pairs
[M::mem_process_seqs] Processed 208334 reads in 6.917 CPU sec, 3.253 real sec
[M::process] read 208334 sequences (20000064 bp)...
[M::mem_pestat] # candidate unique pairs for (FF, FR, RF, RR): (0, 7, 0, 0)
[M::mem_pestat] skip orientation FF as there are not enough pairs
[M::mem_pestat] skip orientation FR as there are not enough pairs
[M::mem_pestat] skip orientation RF as there are not enough pairs
[M::mem_pestat] skip orientation RR as there are not enough pairs
[M::mem_process_seqs] Processed 208334 reads in 8.665 CPU sec, 4.221 real sec
[M::process] read 208334 sequences (20000064 bp)...
[M::mem_pestat] # candidate unique pairs for (FF, FR, RF, RR): (0, 3, 0, 0)
[M::mem_pestat] skip orientation FF as there are not enough pairs
[M::mem_pestat] skip orientation FR as there are not enough pairs
[M::mem_pestat] skip orientation RF as there are not enough pairs
[M::mem_pestat] skip orientation RR as there are not enough pairs
[M::mem_process_seqs] Processed 208334 reads in 6.754 CPU sec, 3.217 real sec
[M::process] read 208334 sequences (20000064 bp)...
[M::mem_pestat] # candidate unique pairs for (FF, FR, RF, RR): (6, 3178, 0, 4)
[M::mem_pestat] skip orientation FF as there are not enough pairs
[M::mem_pestat] analyzing insert size distribution for orientation FR...
[M::mem_pestat] (25, 50, 75) percentile: (125, 151, 170)
[M::mem_pestat] low and high boundaries for computing mean and std.dev: (35, 260)
[M::mem_pestat] mean and std.dev: (143.17, 39.33)
[M::mem_pestat] low and high boundaries for proper pairs: (1, 305)
[M::mem_pestat] skip orientation RF as there are not enough pairs
[M::mem_pestat] skip orientation RR as there are not enough pairs
[M::mem_process_seqs] Processed 208334 reads in 45.903 CPU sec, 22.761 real sec
[M::process] read 208334 sequences (20000064 bp)...
[M::mem_pestat] # candidate unique pairs for (FF, FR, RF, RR): (2, 1917, 0, 1)
[M::mem_pestat] skip orientation FF as there are not enough pairs
[M::mem_pestat] analyzing insert size distribution for orientation FR...
[M::mem_pestat] (25, 50, 75) percentile: (136, 157, 173)
[M::mem_pestat] low and high boundaries for computing mean and std.dev: (62, 247)
[M::mem_pestat] mean and std.dev: (152.89, 27.80)
[M::mem_pestat] low and high boundaries for proper pairs: (25, 284)
[M::mem_pestat] skip orientation RF as there are not enough pairs
[M::mem_pestat] skip orientation RR as there are not enough pairs
[M::mem_process_seqs] Processed 208334 reads in 25.356 CPU sec, 12.546 real sec
[M::process] read 208334 sequences (20000064 bp)...
[M::mem_pestat] # candidate unique pairs for (FF, FR, RF, RR): (0, 2017, 4, 0)
[M::mem_pestat] skip orientation FF as there are not enough pairs
[M::mem_pestat] analyzing insert size distribution for orientation FR...
[M::mem_pestat] (25, 50, 75) percentile: (127, 151, 168)
[M::mem_pestat] low and high boundaries for computing mean and std.dev: (45, 250)
[M::mem_pestat] mean and std.dev: (147.20, 31.72)
[M::mem_pestat] low and high boundaries for proper pairs: (4, 291)
[M::mem_pestat] skip orientation RF as there are not enough pairs
[M::mem_pestat] skip orientation RR as there are not enough pairs
[M::mem_process_seqs] Processed 208334 reads in 50.389 CPU sec, 25.045 real sec
[M::process] read 208334 sequences (20000064 bp)...
[M::mem_pestat] # candidate unique pairs for (FF, FR, RF, RR): (0, 288, 0, 0)
[M::mem_pestat] skip orientation FF as there are not enough pairs
[M::mem_pestat] analyzing insert size distribution for orientation FR...
[M::mem_pestat] (25, 50, 75) percentile: (50, 87, 138)
[M::mem_pestat] low and high boundaries for computing mean and std.dev: (1, 314)
[M::mem_pestat] mean and std.dev: (91.63, 50.84)
[M::mem_pestat] low and high boundaries for proper pairs: (1, 402)
[M::mem_pestat] skip orientation RF as there are not enough pairs
[M::mem_pestat] skip orientation RR as there are not enough pairs
[M::mem_process_seqs] Processed 208334 reads in 30.109 CPU sec, 14.792 real sec
[M::process] read 208334 sequences (20000064 bp)...
[M::mem_pestat] # candidate unique pairs for (FF, FR, RF, RR): (0, 0, 0, 0)
[M::mem_pestat] skip orientation FF as there are not enough pairs
[M::mem_pestat] skip orientation FR as there are not enough pairs
[M::mem_pestat] skip orientation RF as there are not enough pairs
[M::mem_pestat] skip orientation RR as there are not enough pairs
[M::mem_process_seqs] Processed 208334 reads in 7.929 CPU sec, 3.636 real sec
[M::process] read 208334 sequences (20000064 bp)...
[M::mem_pestat] # candidate unique pairs for (FF, FR, RF, RR): (1, 972, 0, 1)
[M::mem_pestat] skip orientation FF as there are not enough pairs
[M::mem_pestat] analyzing insert size distribution for orientation FR...
[M::mem_pestat] (25, 50, 75) percentile: (129, 154, 170)
[M::mem_pestat] low and high boundaries for computing mean and std.dev: (47, 252)
[M::mem_pestat] mean and std.dev: (149.26, 31.06)
[M::mem_pestat] low and high boundaries for proper pairs: (6, 293)
[M::mem_pestat] skip orientation RF as there are not enough pairs
[M::mem_pestat] skip orientation RR as there are not enough pairs
[M::mem_process_seqs] Processed 208334 reads in 24.226 CPU sec, 11.955 real sec
[M::process] read 208334 sequences (20000064 bp)...
[M::mem_pestat] # candidate unique pairs for (FF, FR, RF, RR): (0, 2, 0, 0)
[M::mem_pestat] skip orientation FF as there are not enough pairs
[M::mem_pestat] skip orientation FR as there are not enough pairs
[M::mem_pestat] skip orientation RF as there are not enough pairs
[M::mem_pestat] skip orientation RR as there are not enough pairs
[M::mem_process_seqs] Processed 208334 reads in 6.421 CPU sec, 3.022 real sec
[M::process] read 208334 sequences (20000064 bp)...
[M::mem_pestat] # candidate unique pairs for (FF, FR, RF, RR): (3, 1579, 0, 1)
[M::mem_pestat] skip orientation FF as there are not enough pairs
[M::mem_pestat] analyzing insert size distribution for orientation FR...
[M::mem_pestat] (25, 50, 75) percentile: (136, 155, 171)
[M::mem_pestat] low and high boundaries for computing mean and std.dev: (66, 241)
[M::mem_pestat] mean and std.dev: (152.90, 25.81)
[M::mem_pestat] low and high boundaries for proper pairs: (31, 276)
[M::mem_pestat] skip orientation RF as there are not enough pairs
[M::mem_pestat] skip orientation RR as there are not enough pairs
[M::mem_process_seqs] Processed 208334 reads in 22.604 CPU sec, 11.146 real sec
[M::process] read 208334 sequences (20000064 bp)...
[M::mem_pestat] # candidate unique pairs for (FF, FR, RF, RR): (4, 1717, 0, 1)
[M::mem_pestat] skip orientation FF as there are not enough pairs
[M::mem_pestat] analyzing insert size distribution for orientation FR...
[M::mem_pestat] (25, 50, 75) percentile: (133, 155, 171)
[M::mem_pestat] low and high boundaries for computing mean and std.dev: (57, 247)
[M::mem_pestat] mean and std.dev: (150.78, 28.82)
[M::mem_pestat] low and high boundaries for proper pairs: (19, 285)
[M::mem_pestat] skip orientation RF as there are not enough pairs
[M::mem_pestat] skip orientation RR as there are not enough pairs
[M::mem_process_seqs] Processed 208334 reads in 21.556 CPU sec, 10.622 real sec
[M::process] read 208334 sequences (20000064 bp)...
[M::mem_pestat] # candidate unique pairs for (FF, FR, RF, RR): (0, 278, 0, 0)
[M::mem_pestat] skip orientation FF as there are not enough pairs
[M::mem_pestat] analyzing insert size distribution for orientation FR...
[M::mem_pestat] (25, 50, 75) percentile: (33, 53, 116)
[M::mem_pestat] low and high boundaries for computing mean and std.dev: (1, 282)
[M::mem_pestat] mean and std.dev: (73.63, 45.03)
[M::mem_pestat] low and high boundaries for proper pairs: (1, 365)
[M::mem_pestat] skip orientation RF as there are not enough pairs
[M::mem_pestat] skip orientation RR as there are not enough pairs
[M::mem_process_seqs] Processed 208334 reads in 19.614 CPU sec, 9.644 real sec
[M::process] read 208334 sequences (20000064 bp)...
[M::mem_pestat] # candidate unique pairs for (FF, FR, RF, RR): (4, 1379, 0, 4)
[M::mem_pestat] skip orientation FF as there are not enough pairs
[M::mem_pestat] analyzing insert size distribution for orientation FR...
[M::mem_pestat] (25, 50, 75) percentile: (127, 153, 169)
[M::mem_pestat] low and high boundaries for computing mean and std.dev: (43, 253)
[M::mem_pestat] mean and std.dev: (146.92, 33.26)
[M::mem_pestat] low and high boundaries for proper pairs: (1, 295)
[M::mem_pestat] skip orientation RF as there are not enough pairs
[M::mem_pestat] skip orientation RR as there are not enough pairs
[M::mem_process_seqs] Processed 208334 reads in 37.449 CPU sec, 18.537 real sec
[M::process] read 208334 sequences (20000064 bp)...
[M::mem_pestat] # candidate unique pairs for (FF, FR, RF, RR): (0, 426, 0, 0)
[M::mem_pestat] skip orientation FF as there are not enough pairs
[M::mem_pestat] analyzing insert size distribution for orientation FR...
[M::mem_pestat] (25, 50, 75) percentile: (31, 33, 33)
[M::mem_pestat] low and high boundaries for computing mean and std.dev: (27, 37)
[M::mem_pestat] mean and std.dev: (32.31, 1.00)
[M::mem_pestat] low and high boundaries for proper pairs: (25, 39)
[M::mem_pestat] skip orientation RF as there are not enough pairs
[M::mem_pestat] skip orientation RR as there are not enough pairs
[M::mem_process_seqs] Processed 208334 reads in 10.191 CPU sec, 4.905 real sec
[M::process] read 208334 sequences (20000064 bp)...
[M::mem_pestat] # candidate unique pairs for (FF, FR, RF, RR): (0, 200, 0, 0)
[M::mem_pestat] skip orientation FF as there are not enough pairs
[M::mem_pestat] analyzing insert size distribution for orientation FR...
[M::mem_pestat] (25, 50, 75) percentile: (30, 72, 72)
[M::mem_pestat] low and high boundaries for computing mean and std.dev: (1, 156)
[M::mem_pestat] mean and std.dev: (59.65, 22.56)
[M::mem_pestat] low and high boundaries for proper pairs: (1, 198)
[M::mem_pestat] skip orientation RF as there are not enough pairs
[M::mem_pestat] skip orientation RR as there are not enough pairs
[M::mem_process_seqs] Processed 208334 reads in 10.968 CPU sec, 5.255 real sec
[M::process] read 208334 sequences (20000064 bp)...
[M::mem_pestat] # candidate unique pairs for (FF, FR, RF, RR): (2, 2133, 0, 0)
[M::mem_pestat] skip orientation FF as there are not enough pairs
[M::mem_pestat] analyzing insert size distribution for orientation FR...
[M::mem_pestat] (25, 50, 75) percentile: (122, 143, 162)
[M::mem_pestat] low and high boundaries for computing mean and std.dev: (42, 242)
[M::mem_pestat] mean and std.dev: (140.79, 28.37)
[M::mem_pestat] low and high boundaries for proper pairs: (2, 282)
[M::mem_pestat] skip orientation RF as there are not enough pairs
[M::mem_pestat] skip orientation RR as there are not enough pairs
[M::mem_process_seqs] Processed 208334 reads in 29.264 CPU sec, 14.423 real sec
[M::process] read 208334 sequences (20000064 bp)...
[M::mem_pestat] # candidate unique pairs for (FF, FR, RF, RR): (10, 9136, 0, 11)
[M::mem_pestat] analyzing insert size distribution for orientation FF...
[M::mem_pestat] (25, 50, 75) percentile: (77, 88, 97)
[M::mem_pestat] low and high boundaries for computing mean and std.dev: (37, 137)
[M::mem_pestat] mean and std.dev: (83.67, 23.78)
[M::mem_pestat] low and high boundaries for proper pairs: (1, 179)
[M::mem_pestat] analyzing insert size distribution for orientation FR...
[M::mem_pestat] (25, 50, 75) percentile: (145, 161, 173)
[M::mem_pestat] low and high boundaries for computing mean and std.dev: (89, 229)
[M::mem_pestat] mean and std.dev: (158.19, 20.35)
[M::mem_pestat] low and high boundaries for proper pairs: (61, 257)
[M::mem_pestat] skip orientation RF as there are not enough pairs
[M::mem_pestat] analyzing insert size distribution for orientation RR...
[M::mem_pestat] (25, 50, 75) percentile: (85, 107, 131)
[M::mem_pestat] low and high boundaries for computing mean and std.dev: (1, 223)
[M::mem_pestat] mean and std.dev: (106.45, 36.79)
[M::mem_pestat] low and high boundaries for proper pairs: (1, 269)
[M::mem_pestat] skip orientation FF
[M::mem_pestat] skip orientation RR
[M::mem_process_seqs] Processed 208334 reads in 17.329 CPU sec, 8.421 real sec
[M::process] read 208334 sequences (20000064 bp)...
[M::mem_pestat] # candidate unique pairs for (FF, FR, RF, RR): (40, 40586, 0, 29)
[M::mem_pestat] analyzing insert size distribution for orientation FF...
[M::mem_pestat] (25, 50, 75) percentile: (77, 98, 115)
[M::mem_pestat] low and high boundaries for computing mean and std.dev: (1, 191)
[M::mem_pestat] mean and std.dev: (97.28, 26.28)
[M::mem_pestat] low and high boundaries for proper pairs: (1, 229)
[M::mem_pestat] analyzing insert size distribution for orientation FR...
[M::mem_pestat] (25, 50, 75) percentile: (138, 155, 170)
[M::mem_pestat] low and high boundaries for computing mean and std.dev: (74, 234)
[M::mem_pestat] mean and std.dev: (152.68, 22.72)
[M::mem_pestat] low and high boundaries for proper pairs: (42, 266)
[M::mem_pestat] skip orientation RF as there are not enough pairs
[M::mem_pestat] analyzing insert size distribution for orientation RR...
[M::mem_pestat] (25, 50, 75) percentile: (68, 86, 104)
[M::mem_pestat] low and high boundaries for computing mean and std.dev: (1, 176)
[M::mem_pestat] mean and std.dev: (85.97, 28.58)
[M::mem_pestat] low and high boundaries for proper pairs: (1, 212)
[M::mem_pestat] skip orientation FF
[M::mem_pestat] skip orientation RR
[M::mem_process_seqs] Processed 208334 reads in 10.886 CPU sec, 5.174 real sec
[M::process] read 208334 sequences (20000064 bp)...
[M::mem_pestat] # candidate unique pairs for (FF, FR, RF, RR): (101, 66923, 0, 69)
[M::mem_pestat] analyzing insert size distribution for orientation FF...
[M::mem_pestat] (25, 50, 75) percentile: (71, 89, 114)
[M::mem_pestat] low and high boundaries for computing mean and std.dev: (1, 200)
[M::mem_pestat] mean and std.dev: (92.61, 27.73)
[M::mem_pestat] low and high boundaries for proper pairs: (1, 243)
[M::mem_pestat] analyzing insert size distribution for orientation FR...
[M::mem_pestat] (25, 50, 75) percentile: (143, 159, 172)
[M::mem_pestat] low and high boundaries for computing mean and std.dev: (85, 230)
[M::mem_pestat] mean and std.dev: (156.23, 20.85)
[M::mem_pestat] low and high boundaries for proper pairs: (56, 259)
[M::mem_pestat] skip orientation RF as there are not enough pairs
[M::mem_pestat] analyzing insert size distribution for orientation RR...
[M::mem_pestat] (25, 50, 75) percentile: (76, 92, 120)
[M::mem_pestat] low and high boundaries for computing mean and std.dev: (1, 208)
[M::mem_pestat] mean and std.dev: (96.45, 29.29)
[M::mem_pestat] low and high boundaries for proper pairs: (1, 252)
[M::mem_pestat] skip orientation FF
[M::mem_pestat] skip orientation RR
[M::mem_process_seqs] Processed 208334 reads in 12.228 CPU sec, 5.918 real sec
[M::process] read 208334 sequences (20000064 bp)...
[M::mem_pestat] # candidate unique pairs for (FF, FR, RF, RR): (189, 101350, 2, 176)
[M::mem_pestat] analyzing insert size distribution for orientation FF...
[M::mem_pestat] (25, 50, 75) percentile: (69, 88, 111)
[M::mem_pestat] low and high boundaries for computing mean and std.dev: (1, 195)
[M::mem_pestat] mean and std.dev: (89.32, 28.69)
[M::mem_pestat] low and high boundaries for proper pairs: (1, 237)
[M::mem_pestat] analyzing insert size distribution for orientation FR...
[M::mem_pestat] (25, 50, 75) percentile: (139, 156, 171)
[M::mem_pestat] low and high boundaries for computing mean and std.dev: (75, 235)
[M::mem_pestat] mean and std.dev: (153.77, 22.70)
[M::mem_pestat] low and high boundaries for proper pairs: (43, 267)
[M::mem_pestat] skip orientation RF as there are not enough pairs
[M::mem_pestat] analyzing insert size distribution for orientation RR...
[M::mem_pestat] (25, 50, 75) percentile: (77, 97, 115)
[M::mem_pestat] low and high boundaries for computing mean and std.dev: (1, 191)
[M::mem_pestat] mean and std.dev: (96.04, 26.67)
[M::mem_pestat] low and high boundaries for proper pairs: (1, 229)
[M::mem_pestat] skip orientation FF
[M::mem_pestat] skip orientation RR
[M::mem_process_seqs] Processed 208334 reads in 5.620 CPU sec, 2.583 real sec
[M::process] read 208334 sequences (20000064 bp)...
[M::mem_pestat] # candidate unique pairs for (FF, FR, RF, RR): (138, 62680, 2, 146)
[M::mem_pestat] analyzing insert size distribution for orientation FF...
[M::mem_pestat] (25, 50, 75) percentile: (76, 95, 114)
[M::mem_pestat] low and high boundaries for computing mean and std.dev: (1, 190)
[M::mem_pestat] mean and std.dev: (92.76, 26.43)
[M::mem_pestat] low and high boundaries for proper pairs: (1, 228)
[M::mem_pestat] analyzing insert size distribution for orientation FR...
[M::mem_pestat] (25, 50, 75) percentile: (140, 157, 171)
[M::mem_pestat] low and high boundaries for computing mean and std.dev: (78, 233)
[M::mem_pestat] mean and std.dev: (154.58, 22.15)
[M::mem_pestat] low and high boundaries for proper pairs: (47, 264)
[M::mem_pestat] skip orientation RF as there are not enough pairs
[M::mem_pestat] analyzing insert size distribution for orientation RR...
[M::mem_pestat] (25, 50, 75) percentile: (78, 101, 118)
[M::mem_pestat] low and high boundaries for computing mean and std.dev: (1, 198)
[M::mem_pestat] mean and std.dev: (96.77, 30.20)
[M::mem_pestat] low and high boundaries for proper pairs: (1, 238)
[M::mem_pestat] skip orientation FF
[M::mem_pestat] skip orientation RR
[M::mem_process_seqs] Processed 208334 reads in 23.061 CPU sec, 11.334 real sec
[M::process] read 208334 sequences (20000064 bp)...
[M::mem_pestat] # candidate unique pairs for (FF, FR, RF, RR): (4, 1552, 0, 2)
[M::mem_pestat] skip orientation FF as there are not enough pairs
[M::mem_pestat] analyzing insert size distribution for orientation FR...
[M::mem_pestat] (25, 50, 75) percentile: (145, 159, 171)
[M::mem_pestat] low and high boundaries for computing mean and std.dev: (93, 223)
[M::mem_pestat] mean and std.dev: (156.95, 19.48)
[M::mem_pestat] low and high boundaries for proper pairs: (67, 249)
[M::mem_pestat] skip orientation RF as there are not enough pairs
[M::mem_pestat] skip orientation RR as there are not enough pairs
[M::mem_process_seqs] Processed 208334 reads in 18.613 CPU sec, 9.052 real sec
[M::process] read 208334 sequences (20000064 bp)...
[M::mem_pestat] # candidate unique pairs for (FF, FR, RF, RR): (46, 34974, 0, 31)
[M::mem_pestat] analyzing insert size distribution for orientation FF...
[M::mem_pestat] (25, 50, 75) percentile: (85, 103, 130)
[M::mem_pestat] low and high boundaries for computing mean and std.dev: (1, 220)
[M::mem_pestat] mean and std.dev: (102.39, 29.53)
[M::mem_pestat] low and high boundaries for proper pairs: (1, 265)
[M::mem_pestat] analyzing insert size distribution for orientation FR...
[M::mem_pestat] (25, 50, 75) percentile: (143, 159, 172)
[M::mem_pestat] low and high boundaries for computing mean and std.dev: (85, 230)
[M::mem_pestat] mean and std.dev: (156.07, 20.83)
[M::mem_pestat] low and high boundaries for proper pairs: (56, 259)
[M::mem_pestat] skip orientation RF as there are not enough pairs
[M::mem_pestat] analyzing insert size distribution for orientation RR...
[M::mem_pestat] (25, 50, 75) percentile: (75, 98, 110)
[M::mem_pestat] low and high boundaries for computing mean and std.dev: (5, 180)
[M::mem_pestat] mean and std.dev: (93.53, 28.45)
[M::mem_pestat] low and high boundaries for proper pairs: (1, 215)
[M::mem_pestat] skip orientation FF
[M::mem_pestat] skip orientation RR
[M::mem_process_seqs] Processed 208334 reads in 17.411 CPU sec, 8.468 real sec
[M::process] read 208334 sequences (20000064 bp)...
[M::mem_pestat] # candidate unique pairs for (FF, FR, RF, RR): (82, 81990, 1, 65)
[M::mem_pestat] analyzing insert size distribution for orientation FF...
[M::mem_pestat] (25, 50, 75) percentile: (74, 92, 112)
[M::mem_pestat] low and high boundaries for computing mean and std.dev: (1, 188)
[M::mem_pestat] mean and std.dev: (91.96, 25.76)
[M::mem_pestat] low and high boundaries for proper pairs: (1, 226)
[M::mem_pestat] analyzing insert size distribution for orientation FR...
[M::mem_pestat] (25, 50, 75) percentile: (140, 156, 171)
[M::mem_pestat] low and high boundaries for computing mean and std.dev: (78, 233)
[M::mem_pestat] mean and std.dev: (153.93, 21.79)
[M::mem_pestat] low and high boundaries for proper pairs: (47, 264)
[M::mem_pestat] skip orientation RF as there are not enough pairs
[M::mem_pestat] analyzing insert size distribution for orientation RR...
[M::mem_pestat] (25, 50, 75) percentile: (73, 96, 119)
[M::mem_pestat] low and high boundaries for computing mean and std.dev: (1, 211)
[M::mem_pestat] mean and std.dev: (93.11, 33.47)
[M::mem_pestat] low and high boundaries for proper pairs: (1, 257)
[M::mem_pestat] skip orientation FF
[M::mem_pestat] skip orientation RR
[M::mem_process_seqs] Processed 208334 reads in 10.518 CPU sec, 5.022 real sec
[M::process] read 208334 sequences (20000064 bp)...
[M::mem_pestat] # candidate unique pairs for (FF, FR, RF, RR): (120, 100146, 2, 112)
[M::mem_pestat] analyzing insert size distribution for orientation FF...
[M::mem_pestat] (25, 50, 75) percentile: (71, 93, 117)
[M::mem_pestat] low and high boundaries for computing mean and std.dev: (1, 209)
[M::mem_pestat] mean and std.dev: (94.14, 29.35)
[M::mem_pestat] low and high boundaries for proper pairs: (1, 255)
[M::mem_pestat] analyzing insert size distribution for orientation FR...
[M::mem_pestat] (25, 50, 75) percentile: (140, 157, 171)
[M::mem_pestat] low and high boundaries for computing mean and std.dev: (78, 233)
[M::mem_pestat] mean and std.dev: (154.22, 22.19)
[M::mem_pestat] low and high boundaries for proper pairs: (47, 264)
[M::mem_pestat] skip orientation RF as there are not enough pairs
[M::mem_pestat] analyzing insert size distribution for orientation RR...
[M::mem_pestat] (25, 50, 75) percentile: (70, 100, 130)
[M::mem_pestat] low and high boundaries for computing mean and std.dev: (1, 250)
[M::mem_pestat] mean and std.dev: (96.66, 33.69)
[M::mem_pestat] low and high boundaries for proper pairs: (1, 310)
[M::mem_pestat] skip orientation FF
[M::mem_pestat] skip orientation RR
[M::mem_process_seqs] Processed 208334 reads in 7.178 CPU sec, 3.364 real sec
[M::process] read 208334 sequences (20000064 bp)...
[M::mem_pestat] # candidate unique pairs for (FF, FR, RF, RR): (220, 97791, 1, 214)
[M::mem_pestat] analyzing insert size distribution for orientation FF...
[M::mem_pestat] (25, 50, 75) percentile: (80, 98, 119)
[M::mem_pestat] low and high boundaries for computing mean and std.dev: (2, 197)
[M::mem_pestat] mean and std.dev: (97.08, 28.80)
[M::mem_pestat] low and high boundaries for proper pairs: (1, 236)
[M::mem_pestat] analyzing insert size distribution for orientation FR...
[M::mem_pestat] (25, 50, 75) percentile: (141, 158, 172)
[M::mem_pestat] low and high boundaries for computing mean and std.dev: (79, 234)
[M::mem_pestat] mean and std.dev: (155.41, 21.84)
[M::mem_pestat] low and high boundaries for proper pairs: (48, 265)
[M::mem_pestat] skip orientation RF as there are not enough pairs
[M::mem_pestat] analyzing insert size distribution for orientation RR...
[M::mem_pestat] (25, 50, 75) percentile: (80, 98, 122)
[M::mem_pestat] low and high boundaries for computing mean and std.dev: (1, 206)
[M::mem_pestat] mean and std.dev: (98.47, 31.16)
[M::mem_pestat] low and high boundaries for proper pairs: (1, 248)
[M::mem_pestat] skip orientation FF
[M::mem_pestat] skip orientation RR
[M::mem_process_seqs] Processed 208334 reads in 9.545 CPU sec, 4.510 real sec
[M::process] read 208334 sequences (20000064 bp)...
[M::mem_pestat] # candidate unique pairs for (FF, FR, RF, RR): (56, 58836, 4, 34)
[M::mem_pestat] analyzing insert size distribution for orientation FF...
[M::mem_pestat] (25, 50, 75) percentile: (68, 81, 125)
[M::mem_pestat] low and high boundaries for computing mean and std.dev: (1, 239)
[M::mem_pestat] mean and std.dev: (90.95, 32.07)
[M::mem_pestat] low and high boundaries for proper pairs: (1, 296)
[M::mem_pestat] analyzing insert size distribution for orientation FR...
[M::mem_pestat] (25, 50, 75) percentile: (140, 156, 171)
[M::mem_pestat] low and high boundaries for computing mean and std.dev: (78, 233)
[M::mem_pestat] mean and std.dev: (154.14, 21.85)
[M::mem_pestat] low and high boundaries for proper pairs: (47, 264)
[M::mem_pestat] skip orientation RF as there are not enough pairs
[M::mem_pestat] analyzing insert size distribution for orientation RR...
[M::mem_pestat] (25, 50, 75) percentile: (74, 97, 112)
[M::mem_pestat] low and high boundaries for computing mean and std.dev: (1, 188)
[M::mem_pestat] mean and std.dev: (95.21, 25.80)
[M::mem_pestat] low and high boundaries for proper pairs: (1, 226)
[M::mem_pestat] skip orientation FF
[M::mem_pestat] skip orientation RR
[M::mem_process_seqs] Processed 208334 reads in 21.186 CPU sec, 10.330 real sec
[M::process] read 208334 sequences (20000064 bp)...
[M::mem_pestat] # candidate unique pairs for (FF, FR, RF, RR): (4, 1905, 0, 3)
[M::mem_pestat] skip orientation FF as there are not enough pairs
[M::mem_pestat] analyzing insert size distribution for orientation FR...
[M::mem_pestat] (25, 50, 75) percentile: (140, 159, 174)
[M::mem_pestat] low and high boundaries for computing mean and std.dev: (72, 242)
[M::mem_pestat] mean and std.dev: (156.93, 24.19)
[M::mem_pestat] low and high boundaries for proper pairs: (38, 276)
[M::mem_pestat] skip orientation RF as there are not enough pairs
[M::mem_pestat] skip orientation RR as there are not enough pairs
[M::mem_process_seqs] Processed 208334 reads in 28.015 CPU sec, 13.712 real sec
[M::process] read 208334 sequences (20000064 bp)...
[M::mem_pestat] # candidate unique pairs for (FF, FR, RF, RR): (1, 351, 0, 0)
[M::mem_pestat] skip orientation FF as there are not enough pairs
[M::mem_pestat] analyzing insert size distribution for orientation FR...
[M::mem_pestat] (25, 50, 75) percentile: (32, 75, 117)
[M::mem_pestat] low and high boundaries for computing mean and std.dev: (1, 287)
[M::mem_pestat] mean and std.dev: (80.98, 50.26)
[M::mem_pestat] low and high boundaries for proper pairs: (1, 372)
[M::mem_pestat] skip orientation RF as there are not enough pairs
[M::mem_pestat] skip orientation RR as there are not enough pairs
[M::mem_process_seqs] Processed 208334 reads in 42.555 CPU sec, 21.053 real sec
[M::process] read 208334 sequences (20000064 bp)...
[M::mem_pestat] # candidate unique pairs for (FF, FR, RF, RR): (0, 163, 0, 1)
[M::mem_pestat] skip orientation FF as there are not enough pairs
[M::mem_pestat] analyzing insert size distribution for orientation FR...
[M::mem_pestat] (25, 50, 75) percentile: (46, 80, 123)
[M::mem_pestat] low and high boundaries for computing mean and std.dev: (1, 277)
[M::mem_pestat] mean and std.dev: (86.79, 42.96)
[M::mem_pestat] low and high boundaries for proper pairs: (1, 354)
[M::mem_pestat] skip orientation RF as there are not enough pairs
[M::mem_pestat] skip orientation RR as there are not enough pairs
[M::mem_process_seqs] Processed 208334 reads in 17.498 CPU sec, 8.522 real sec
[M::process] read 208334 sequences (20000064 bp)...
[M::mem_pestat] # candidate unique pairs for (FF, FR, RF, RR): (0, 3502, 0, 1)
[M::mem_pestat] skip orientation FF as there are not enough pairs
[M::mem_pestat] analyzing insert size distribution for orientation FR...
[M::mem_pestat] (25, 50, 75) percentile: (104, 149, 167)
[M::mem_pestat] low and high boundaries for computing mean and std.dev: (1, 293)
[M::mem_pestat] mean and std.dev: (128.97, 53.70)
[M::mem_pestat] low and high boundaries for proper pairs: (1, 356)
[M::mem_pestat] skip orientation RF as there are not enough pairs
[M::mem_pestat] skip orientation RR as there are not enough pairs
[M::mem_process_seqs] Processed 208334 reads in 34.630 CPU sec, 17.097 real sec
[M::process] read 208334 sequences (20000064 bp)...
[M::mem_pestat] # candidate unique pairs for (FF, FR, RF, RR): (0, 2, 0, 0)
[M::mem_pestat] skip orientation FF as there are not enough pairs
[M::mem_pestat] skip orientation FR as there are not enough pairs
[M::mem_pestat] skip orientation RF as there are not enough pairs
[M::mem_pestat] skip orientation RR as there are not enough pairs
[M::mem_process_seqs] Processed 208334 reads in 7.341 CPU sec, 3.381 real sec
[M::process] read 208334 sequences (20000064 bp)...
[M::mem_pestat] # candidate unique pairs for (FF, FR, RF, RR): (2, 2020, 0, 1)
[M::mem_pestat] skip orientation FF as there are not enough pairs
[M::mem_pestat] analyzing insert size distribution for orientation FR...
[M::mem_pestat] (25, 50, 75) percentile: (144, 161, 175)
[M::mem_pestat] low and high boundaries for computing mean and std.dev: (82, 237)
[M::mem_pestat] mean and std.dev: (158.99, 22.04)
[M::mem_pestat] low and high boundaries for proper pairs: (51, 268)
[M::mem_pestat] skip orientation RF as there are not enough pairs
[M::mem_pestat] skip orientation RR as there are not enough pairs
[M::mem_process_seqs] Processed 208334 reads in 28.362 CPU sec, 13.949 real sec
[M::process] read 208334 sequences (20000064 bp)...
[M::mem_pestat] # candidate unique pairs for (FF, FR, RF, RR): (2, 1387, 1, 4)
[M::mem_pestat] skip orientation FF as there are not enough pairs
[M::mem_pestat] analyzing insert size distribution for orientation FR...
[M::mem_pestat] (25, 50, 75) percentile: (132, 152, 168)
[M::mem_pestat] low and high boundaries for computing mean and std.dev: (60, 240)
[M::mem_pestat] mean and std.dev: (149.45, 25.04)
[M::mem_pestat] low and high boundaries for proper pairs: (24, 276)
[M::mem_pestat] skip orientation RF as there are not enough pairs
[M::mem_pestat] skip orientation RR as there are not enough pairs
[M::mem_process_seqs] Processed 208334 reads in 15.430 CPU sec, 7.511 real sec
[M::process] read 208334 sequences (20000064 bp)...
[M::mem_pestat] # candidate unique pairs for (FF, FR, RF, RR): (3, 1099, 0, 0)
[M::mem_pestat] skip orientation FF as there are not enough pairs
[M::mem_pestat] analyzing insert size distribution for orientation FR...
[M::mem_pestat] (25, 50, 75) percentile: (140, 158, 172)
[M::mem_pestat] low and high boundaries for computing mean and std.dev: (76, 236)
[M::mem_pestat] mean and std.dev: (154.94, 23.42)
[M::mem_pestat] low and high boundaries for proper pairs: (44, 268)
[M::mem_pestat] skip orientation RF as there are not enough pairs
[M::mem_pestat] skip orientation RR as there are not enough pairs
[M::mem_process_seqs] Processed 208334 reads in 18.919 CPU sec, 9.282 real sec
[M::process] read 208334 sequences (20000064 bp)...
[M::mem_pestat] # candidate unique pairs for (FF, FR, RF, RR): (0, 128, 0, 0)
[M::mem_pestat] skip orientation FF as there are not enough pairs
[M::mem_pestat] analyzing insert size distribution for orientation FR...
[M::mem_pestat] (25, 50, 75) percentile: (121, 151, 167)
[M::mem_pestat] low and high boundaries for computing mean and std.dev: (29, 259)
[M::mem_pestat] mean and std.dev: (142.49, 36.93)
[M::mem_pestat] low and high boundaries for proper pairs: (1, 305)
[M::mem_pestat] skip orientation RF as there are not enough pairs
[M::mem_pestat] skip orientation RR as there are not enough pairs
[M::mem_process_seqs] Processed 208334 reads in 10.261 CPU sec, 4.949 real sec
[M::process] read 208334 sequences (20000064 bp)...
[M::mem_pestat] # candidate unique pairs for (FF, FR, RF, RR): (0, 13, 0, 0)
[M::mem_pestat] skip orientation FF as there are not enough pairs
[M::mem_pestat] analyzing insert size distribution for orientation FR...
[M::mem_pestat] (25, 50, 75) percentile: (90, 117, 145)
[M::mem_pestat] low and high boundaries for computing mean and std.dev: (1, 255)
[M::mem_pestat] mean and std.dev: (110.00, 44.06)
[M::mem_pestat] low and high boundaries for proper pairs: (1, 310)
[M::mem_pestat] skip orientation RF as there are not enough pairs
[M::mem_pestat] skip orientation RR as there are not enough pairs
[M::mem_process_seqs] Processed 208334 reads in 8.478 CPU sec, 3.996 real sec
[M::process] read 208334 sequences (20000064 bp)...
[M::mem_pestat] # candidate unique pairs for (FF, FR, RF, RR): (0, 14, 0, 0)
[M::mem_pestat] skip orientation FF as there are not enough pairs
[M::mem_pestat] analyzing insert size distribution for orientation FR...
[M::mem_pestat] (25, 50, 75) percentile: (72, 114, 132)
[M::mem_pestat] low and high boundaries for computing mean and std.dev: (1, 252)
[M::mem_pestat] mean and std.dev: (99.64, 44.34)
[M::mem_pestat] low and high boundaries for proper pairs: (1, 312)
[M::mem_pestat] skip orientation RF as there are not enough pairs
[M::mem_pestat] skip orientation RR as there are not enough pairs
[M::mem_process_seqs] Processed 208334 reads in 7.333 CPU sec, 3.570 real sec
[M::process] read 208334 sequences (20000064 bp)...
[M::mem_pestat] # candidate unique pairs for (FF, FR, RF, RR): (0, 10, 0, 1)
[M::mem_pestat] skip orientation FF as there are not enough pairs
[M::mem_pestat] analyzing insert size distribution for orientation FR...
[M::mem_pestat] (25, 50, 75) percentile: (86, 138, 164)
[M::mem_pestat] low and high boundaries for computing mean and std.dev: (1, 320)
[M::mem_pestat] mean and std.dev: (129.10, 45.54)
[M::mem_pestat] low and high boundaries for proper pairs: (1, 398)
[M::mem_pestat] skip orientation RF as there are not enough pairs
[M::mem_pestat] skip orientation RR as there are not enough pairs
[M::mem_process_seqs] Processed 208334 reads in 7.934 CPU sec, 3.828 real sec
[M::process] read 208334 sequences (20000064 bp)...
[M::mem_pestat] # candidate unique pairs for (FF, FR, RF, RR): (0, 631, 5, 0)
[M::mem_pestat] skip orientation FF as there are not enough pairs
[M::mem_pestat] analyzing insert size distribution for orientation FR...
[M::mem_pestat] (25, 50, 75) percentile: (78, 118, 148)
[M::mem_pestat] low and high boundaries for computing mean and std.dev: (1, 288)
[M::mem_pestat] mean and std.dev: (111.87, 47.29)
[M::mem_pestat] low and high boundaries for proper pairs: (1, 358)
[M::mem_pestat] skip orientation RF as there are not enough pairs
[M::mem_pestat] skip orientation RR as there are not enough pairs
[M::mem_process_seqs] Processed 208334 reads in 23.278 CPU sec, 11.550 real sec
[M::process] read 208334 sequences (20000064 bp)...
[M::mem_pestat] # candidate unique pairs for (FF, FR, RF, RR): (23, 15879, 0, 12)
[M::mem_pestat] analyzing insert size distribution for orientation FF...
[M::mem_pestat] (25, 50, 75) percentile: (78, 997, 3935)
[M::mem_pestat] low and high boundaries for computing mean and std.dev: (1, 11649)
[M::mem_pestat] mean and std.dev: (1965.96, 2544.17)
[M::mem_pestat] low and high boundaries for proper pairs: (1, 15506)
[M::mem_pestat] analyzing insert size distribution for orientation FR...
[M::mem_pestat] (25, 50, 75) percentile: (118, 143, 1474)
[M::mem_pestat] low and high boundaries for computing mean and std.dev: (1, 4186)
[M::mem_pestat] mean and std.dev: (534.79, 1036.35)
[M::mem_pestat] low and high boundaries for proper pairs: (1, 5542)
[M::mem_pestat] skip orientation RF as there are not enough pairs
[M::mem_pestat] analyzing insert size distribution for orientation RR...
[M::mem_pestat] (25, 50, 75) percentile: (95, 997, 5160)
[M::mem_pestat] low and high boundaries for computing mean and std.dev: (1, 15290)
[M::mem_pestat] mean and std.dev: (2724.00, 3178.39)
[M::mem_pestat] low and high boundaries for proper pairs: (1, 20355)
[M::mem_pestat] skip orientation FF
[M::mem_pestat] skip orientation RR
[M::mem_process_seqs] Processed 208334 reads in 104.947 CPU sec, 52.388 real sec
[M::process] read 208334 sequences (20000064 bp)...
[M::mem_pestat] # candidate unique pairs for (FF, FR, RF, RR): (17, 1260, 24, 13)
[M::mem_pestat] analyzing insert size distribution for orientation FF...
[M::mem_pestat] (25, 50, 75) percentile: (47, 77, 93)
[M::mem_pestat] low and high boundaries for computing mean and std.dev: (1, 185)
[M::mem_pestat] mean and std.dev: (70.35, 26.82)
[M::mem_pestat] low and high boundaries for proper pairs: (1, 231)
[M::mem_pestat] analyzing insert size distribution for orientation FR...
[M::mem_pestat] (25, 50, 75) percentile: (69, 122, 154)
[M::mem_pestat] low and high boundaries for computing mean and std.dev: (1, 324)
[M::mem_pestat] mean and std.dev: (110.62, 50.55)
[M::mem_pestat] low and high boundaries for proper pairs: (1, 409)
[M::mem_pestat] analyzing insert size distribution for orientation RF...
[M::mem_pestat] (25, 50, 75) percentile: (2360, 7306, 8498)
[M::mem_pestat] low and high boundaries for computing mean and std.dev: (1, 20774)
[M::mem_pestat] mean and std.dev: (5534.83, 3170.63)
[M::mem_pestat] low and high boundaries for proper pairs: (1, 26912)
[M::mem_pestat] analyzing insert size distribution for orientation RR...
[M::mem_pestat] (25, 50, 75) percentile: (71, 79, 120)
[M::mem_pestat] low and high boundaries for computing mean and std.dev: (1, 218)
[M::mem_pestat] mean and std.dev: (86.54, 28.78)
[M::mem_pestat] low and high boundaries for proper pairs: (1, 267)
[M::mem_pestat] skip orientation FF
[M::mem_pestat] skip orientation RF
[M::mem_pestat] skip orientation RR
[M::mem_process_seqs] Processed 208334 reads in 43.959 CPU sec, 21.865 real sec
[M::process] read 208334 sequences (20000064 bp)...
[M::mem_pestat] # candidate unique pairs for (FF, FR, RF, RR): (0, 326, 0, 0)
[M::mem_pestat] skip orientation FF as there are not enough pairs
[M::mem_pestat] analyzing insert size distribution for orientation FR...
[M::mem_pestat] (25, 50, 75) percentile: (96, 119, 140)
[M::mem_pestat] low and high boundaries for computing mean and std.dev: (8, 228)
[M::mem_pestat] mean and std.dev: (117.54, 29.84)
[M::mem_pestat] low and high boundaries for proper pairs: (1, 272)
[M::mem_pestat] skip orientation RF as there are not enough pairs
[M::mem_pestat] skip orientation RR as there are not enough pairs
[M::mem_process_seqs] Processed 208334 reads in 7.557 CPU sec, 3.686 real sec
[M::process] read 208334 sequences (20000064 bp)...
[M::mem_pestat] # candidate unique pairs for (FF, FR, RF, RR): (0, 4, 0, 0)
[M::mem_pestat] skip orientation FF as there are not enough pairs
[M::mem_pestat] skip orientation FR as there are not enough pairs
[M::mem_pestat] skip orientation RF as there are not enough pairs
[M::mem_pestat] skip orientation RR as there are not enough pairs
[M::mem_process_seqs] Processed 208334 reads in 5.503 CPU sec, 2.670 real sec
[M::process] read 208334 sequences (20000064 bp)...
[M::mem_pestat] # candidate unique pairs for (FF, FR, RF, RR): (0, 857, 0, 0)
[M::mem_pestat] skip orientation FF as there are not enough pairs
[M::mem_pestat] analyzing insert size distribution for orientation FR...
[M::mem_pestat] (25, 50, 75) percentile: (120, 147, 170)
[M::mem_pestat] low and high boundaries for computing mean and std.dev: (20, 270)
[M::mem_pestat] mean and std.dev: (139.59, 37.59)
[M::mem_pestat] low and high boundaries for proper pairs: (1, 320)
[M::mem_pestat] skip orientation RF as there are not enough pairs
[M::mem_pestat] skip orientation RR as there are not enough pairs
[M::mem_process_seqs] Processed 208334 reads in 8.056 CPU sec, 3.947 real sec
[M::process] read 208334 sequences (20000064 bp)...
[M::mem_pestat] # candidate unique pairs for (FF, FR, RF, RR): (0, 3146, 0, 0)
[M::mem_pestat] skip orientation FF as there are not enough pairs
[M::mem_pestat] analyzing insert size distribution for orientation FR...
[M::mem_pestat] (25, 50, 75) percentile: (108, 124, 139)
[M::mem_pestat] low and high boundaries for computing mean and std.dev: (46, 201)
[M::mem_pestat] mean and std.dev: (122.57, 23.50)
[M::mem_pestat] low and high boundaries for proper pairs: (15, 232)
[M::mem_pestat] skip orientation RF as there are not enough pairs
[M::mem_pestat] skip orientation RR as there are not enough pairs
[M::mem_process_seqs] Processed 208334 reads in 6.471 CPU sec, 3.133 real sec
[M::process] read 208334 sequences (20000064 bp)...
[M::mem_pestat] # candidate unique pairs for (FF, FR, RF, RR): (0, 2, 0, 0)
[M::mem_pestat] skip orientation FF as there are not enough pairs
[M::mem_pestat] skip orientation FR as there are not enough pairs
[M::mem_pestat] skip orientation RF as there are not enough pairs
[M::mem_pestat] skip orientation RR as there are not enough pairs
[M::mem_process_seqs] Processed 208334 reads in 5.296 CPU sec, 2.546 real sec
[M::process] read 208334 sequences (20000064 bp)...
[M::mem_pestat] # candidate unique pairs for (FF, FR, RF, RR): (0, 0, 0, 0)
[M::mem_pestat] skip orientation FF as there are not enough pairs
[M::mem_pestat] skip orientation FR as there are not enough pairs
[M::mem_pestat] skip orientation RF as there are not enough pairs
[M::mem_pestat] skip orientation RR as there are not enough pairs
[M::mem_process_seqs] Processed 208334 reads in 5.379 CPU sec, 2.606 real sec
[M::process] read 208334 sequences (20000064 bp)...
[M::mem_pestat] # candidate unique pairs for (FF, FR, RF, RR): (0, 11728, 0, 0)
[M::mem_pestat] skip orientation FF as there are not enough pairs
[M::mem_pestat] analyzing insert size distribution for orientation FR...
[M::mem_pestat] (25, 50, 75) percentile: (145, 159, 171)
[M::mem_pestat] low and high boundaries for computing mean and std.dev: (93, 223)
[M::mem_pestat] mean and std.dev: (157.28, 18.69)
[M::mem_pestat] low and high boundaries for proper pairs: (67, 249)
[M::mem_pestat] skip orientation RF as there are not enough pairs
[M::mem_pestat] skip orientation RR as there are not enough pairs
[M::mem_process_seqs] Processed 208334 reads in 7.001 CPU sec, 3.422 real sec
[M::process] read 98876 sequences (9492096 bp)...
[M::mem_pestat] # candidate unique pairs for (FF, FR, RF, RR): (0, 73657, 0, 0)
[M::mem_pestat] skip orientation FF as there are not enough pairs
[M::mem_pestat] analyzing insert size distribution for orientation FR...
[M::mem_pestat] (25, 50, 75) percentile: (144, 158, 171)
[M::mem_pestat] low and high boundaries for computing mean and std.dev: (90, 225)
[M::mem_pestat] mean and std.dev: (156.77, 18.64)
[M::mem_pestat] low and high boundaries for proper pairs: (63, 252)
[M::mem_pestat] skip orientation RF as there are not enough pairs
[M::mem_pestat] skip orientation RR as there are not enough pairs
[M::mem_process_seqs] Processed 208334 reads in 3.963 CPU sec, 1.897 real sec
[M::mem_pestat] # candidate unique pairs for (FF, FR, RF, RR): (0, 0, 0, 0)
[M::mem_pestat] skip orientation FF as there are not enough pairs
[M::mem_pestat] skip orientation FR as there are not enough pairs
[M::mem_pestat] skip orientation RF as there are not enough pairs
[M::mem_pestat] skip orientation RR as there are not enough pairs
[M::mem_process_seqs] Processed 98876 reads in 2.746 CPU sec, 1.307 real sec
[main] Version: 0.7.19-r1273
[main] CMD: bwa mem -t 2 -R @RG\tID:SRX9642659_SRR13209655\tSM:SRX9642659_SRR13209655\tPL:ILLUMINA chr7.fa SRX9642659_SRR13209655_1.fastq.gz SRX9642659_SRR13209655_2.fastq.gz
[main] Real time: 1141.713 sec; CPU: 2314.361 sec
